<?xml version="1.0" encoding="utf-8"?>
<TestRun id="5e5cb2f7-b4c6-4f87-9300-5f328f112157" name="Usuario@KAM-DESKTOP-PC 2026-04-13 00:19:49" runUser="KAM-DESKTOP-PC\Usuario" xmlns="http://microsoft.com/schemas/VisualStudio/TeamTest/2010">
  <Times creation="2026-04-13T00:19:49.8608260-03:00" queuing="2026-04-13T00:19:49.8608263-03:00" start="2026-04-13T00:19:38.1639935-03:00" finish="2026-04-13T00:20:05.3773294-03:00" />
  <TestSettings name="default" id="934fbf0d-5d59-4f50-808c-b96ee6ffa373">
    <Deployment runDeploymentRoot="Usuario_KAM-DESKTOP-PC_2026-04-13_00_19_49" />
  </TestSettings>
  <Results>
    <UnitTestResult executionId="0dca59f7-9d52-436f-a3b9-e9fb8f28726d" testId="88fb05f3-9fc2-2da7-4d0c-02bdf89e3dce" testName="OnlineOocSend_MessageArrivesAtServer_AsCtPacket" computerName="KAM-DESKTOP-PC" duration="00:00:15.5048680" startTime="2026-04-13T00:19:49.8222731-03:00" endTime="2026-04-13T00:20:05.3271403-03:00" testType="13cdc9d9-ddb5-4fa4-a97d-d965ccfc6d4b" outcome="Passed" testListId="8c84fa94-04c1-424b-9868-57a2d4851a1d" relativeResultsDirectory="0dca59f7-9d52-436f-a3b9-e9fb8f28726d">
      <Output>
        <StdOut>[Online] Server received 10 packet(s):&#xD;
  HI#9df3689c-34fb-4c8f-900c-ae5372323b06#%&#xD;
  ID#AO2#2.11.0#%&#xD;
  askchaa#%&#xD;
  RC#%&#xD;
  RM#%&#xD;
  RD#%&#xD;
  CT#OocTestClient##%&#xD;
  CH#1#%&#xD;
  RM#%&#xD;
  CT#OnlineTest#hello from online lane#%&#xD;
Application failed to exit</StdOut>
      </Output>
    </UnitTestResult>
    <UnitTestResult executionId="2d5298d8-fa59-4525-a530-dc7e0b3f18a3" testId="a32a259f-d622-61bf-3f2d-e06a09505fa3" testName="OnlineConnect_HandshakePacketSequence_IsAo2Compliant" computerName="KAM-DESKTOP-PC" duration="00:00:11.2157100" startTime="2026-04-13T00:19:38.6057054-03:00" endTime="2026-04-13T00:19:49.8213664-03:00" testType="13cdc9d9-ddb5-4fa4-a97d-d965ccfc6d4b" outcome="Passed" testListId="8c84fa94-04c1-424b-9868-57a2d4851a1d" relativeResultsDirectory="2d5298d8-fa59-4525-a530-dc7e0b3f18a3">
      <Output>
        <StdOut>[Online] Server received 9 packet(s):&#xD;
  HI#75372cfa-33d9-40c5-9236-c0bc3e9d9dc6#%&#xD;
  ID#AO2#2.11.0#%&#xD;
  askchaa#%&#xD;
  RC#%&#xD;
  RM#%&#xD;
  RD#%&#xD;
  CT#HandshakeClient##%&#xD;
  CH#1#%&#xD;
  RM#%&#xD;
Application failed to exit</StdOut>
      </Output>
    </UnitTestResult>
  </Results>
  <TestDefinitions>
    <UnitTest name="OnlineConnect_HandshakePacketSequence_IsAo2Compliant" storage="d:\programs\attorney online\rpg\ao2-oceanya-bot\uiautomationtests\bin\debug\net8.0-windows7.0\uiautomationtests.dll" id="a32a259f-d622-61bf-3f2d-e06a09505fa3">
      <Execution id="2d5298d8-fa59-4525-a530-dc7e0b3f18a3" />
      <TestMethod codeBase="D:\Programs\Attorney Online\RPG\AO2-Oceanya-Bot\UiAutomationTests\bin\Debug\net8.0-windows7.0\UiAutomationTests.dll" adapterTypeName="executor://nunit3testexecutor/" className="UiAutomationTests.OnlineLaneTests" name="OnlineConnect_HandshakePacketSequence_IsAo2Compliant" />
    </UnitTest>
    <UnitTest name="OnlineOocSend_MessageArrivesAtServer_AsCtPacket" storage="d:\programs\attorney online\rpg\ao2-oceanya-bot\uiautomationtests\bin\debug\net8.0-windows7.0\uiautomationtests.dll" id="88fb05f3-9fc2-2da7-4d0c-02bdf89e3dce">
      <Execution id="0dca59f7-9d52-436f-a3b9-e9fb8f28726d" />
      <TestMethod codeBase="D:\Programs\Attorney Online\RPG\AO2-Oceanya-Bot\UiAutomationTests\bin\Debug\net8.0-windows7.0\UiAutomationTests.dll" adapterTypeName="executor://nunit3testexecutor/" className="UiAutomationTests.OnlineLaneTests" name="OnlineOocSend_MessageArrivesAtServer_AsCtPacket" />
    </UnitTest>
  </TestDefinitions>
  <TestEntries>
    <TestEntry testId="88fb05f3-9fc2-2da7-4d0c-02bdf89e3dce" executionId="0dca59f7-9d52-436f-a3b9-e9fb8f28726d" testListId="8c84fa94-04c1-424b-9868-57a2d4851a1d" />
    <TestEntry testId="a32a259f-d622-61bf-3f2d-e06a09505fa3" executionId="2d5298d8-fa59-4525-a530-dc7e0b3f18a3" testListId="8c84fa94-04c1-424b-9868-57a2d4851a1d" />
  </TestEntries>
  <TestLists>
    <TestList name="Results Not in a List" id="8c84fa94-04c1-424b-9868-57a2d4851a1d" />
    <TestList name="All Loaded Results" id="19431567-8539-422a-85d7-44ee4e166bda" />
  </TestLists>
  <ResultSummary outcome="Completed">
    <Counters total="2" executed="2" passed="2" failed="0" error="0" timeout="0" aborted="0" inconclusive="0" passedButRunAborted="0" notRunnable="0" notExecuted="0" disconnected="0" warning="0" completed="0" inProgress="0" pending="0" />
    <Output>
      <StdOut>NUnit Adapter 5.0.0.0: Test execution started&#xD;
Running selected tests in D:\Programs\Attorney Online\RPG\AO2-Oceanya-Bot\UiAutomationTests\bin\Debug\net8.0-windows7.0\UiAutomationTests.dll&#xD;
   NUnit3TestExecutor discovered 2 of 2 NUnit test cases using Current Discovery mode, Non-Explicit run&#xD;
[2026-04-13 00:19:39] ?? Loaded 1 characters from cache.&#xD;
[2026-04-13 00:19:42] ?? ===========================&#xD;
[2026-04-13 00:19:42] ?? Connected to AO server via TCP.&#xD;
[2026-04-13 00:19:42] ?? ===========================&#xD;
[2026-04-13 00:19:42] ?? Assigned Player ID: 1 | Server Version: tsuserver&#xD;
[2026-04-13 00:19:42] ?? Server features: fastloading, noencryption [AOClient.cs:504]&#xD;
[2026-04-13 00:19:42] ?? Server Character List updated.&#xD;
[2026-04-13 00:19:42] ?? Handshake completed successfully!&#xD;
[2026-04-13 00:19:42] ?? ===========================&#xD;
[2026-04-13 00:19:43] ?? Server did not provide CharsCheck during connect. Skipping automatic INI selection. [AOClient.cs:1501]&#xD;
[2026-04-13 00:19:43] ?? No available INI Puppets to select. [AOClient.cs:1504]&#xD;
[2026-04-13 00:19:43] ?? ===========================&#xD;
[2026-04-13 00:19:44] ?? TCP connection lost. Attempting to reconnect... [AOClient.cs:1620]&#xD;
[2026-04-13 00:19:44] ?? ===========================&#xD;
[2026-04-13 00:19:46] ? Connection Error [AOClient.cs:666]&#xD;
[2026-04-13 00:19:46]    Exception: SocketException&#xD;
[2026-04-13 00:19:46]    Message: No connection could be made because the target machine actively refused it.&#xD;
[2026-04-13 00:19:46]    Location: unknown:0&#xD;
[2026-04-13 00:19:46]    Stack: at System.Net.Sockets.Socket.AwaitableSocketAsyncEventArgs.ThrowException(SocketError error, CancellationToken cancellationToken)&#xD;
[2026-04-13 00:19:46] ? Reconnection attempt 1 failed [AOClient.cs:1389]&#xD;
[2026-04-13 00:19:46]    Exception: SocketException&#xD;
[2026-04-13 00:19:46]    Message: No connection could be made because the target machine actively refused it.&#xD;
[2026-04-13 00:19:46]    Location: unknown:0&#xD;
[2026-04-13 00:19:46]    Stack: at System.Net.Sockets.Socket.AwaitableSocketAsyncEventArgs.ThrowException(SocketError error, CancellationToken cancellationToken)&#xD;
[Online] Server received 9 packet(s):&#xD;
  HI#75372cfa-33d9-40c5-9236-c0bc3e9d9dc6#%&#xD;
  ID#AO2#2.11.0#%&#xD;
  askchaa#%&#xD;
  RC#%&#xD;
  RM#%&#xD;
  RD#%&#xD;
  CT#HandshakeClient##%&#xD;
  CH#1#%&#xD;
  RM#%&#xD;
Application failed to exit&#xD;
&#xD;
[2026-04-13 00:19:50] ?? Loaded 1 characters from cache.&#xD;
[2026-04-13 00:19:52] ?? ===========================&#xD;
[2026-04-13 00:19:52] ?? Connected to AO server via TCP.&#xD;
[2026-04-13 00:19:52] ?? ===========================&#xD;
[2026-04-13 00:19:52] ?? Assigned Player ID: 1 | Server Version: tsuserver&#xD;
[2026-04-13 00:19:52] ?? Server features: fastloading, noencryption [AOClient.cs:504]&#xD;
[2026-04-13 00:19:52] ?? Server Character List updated.&#xD;
[2026-04-13 00:19:52] ?? Handshake completed successfully!&#xD;
[2026-04-13 00:19:52] ?? ===========================&#xD;
[2026-04-13 00:19:53] ?? Server did not provide CharsCheck during connect. Skipping automatic INI selection. [AOClient.cs:1501]&#xD;
[2026-04-13 00:19:53] ?? No available INI Puppets to select. [AOClient.cs:1504]&#xD;
[2026-04-13 00:19:53] ?? ===========================&#xD;
[2026-04-13 00:20:00] ?? TCP connection lost. Attempting to reconnect... [AOClient.cs:1620]&#xD;
[2026-04-13 00:20:00] ?? ===========================&#xD;
[2026-04-13 00:20:02] ? Connection Error [AOClient.cs:666]&#xD;
[2026-04-13 00:20:02]    Exception: SocketException&#xD;
[2026-04-13 00:20:02]    Message: No connection could be made because the target machine actively refused it.&#xD;
[2026-04-13 00:20:02]    Location: unknown:0&#xD;
[2026-04-13 00:20:02]    Stack: at System.Net.Sockets.Socket.AwaitableSocketAsyncEventArgs.ThrowException(SocketError error, CancellationToken cancellationToken)&#xD;
[2026-04-13 00:20:02] ? Reconnection attempt 1 failed [AOClient.cs:1389]&#xD;
[2026-04-13 00:20:02]    Exception: SocketException&#xD;
[2026-04-13 00:20:02]    Message: No connection could be made because the target machine actively refused it.&#xD;
[2026-04-13 00:20:02]    Location: unknown:0&#xD;
[2026-04-13 00:20:02]    Stack: at System.Net.Sockets.Socket.AwaitableSocketAsyncEventArgs.ThrowException(SocketError error, CancellationToken cancellationToken)&#xD;
[Online] Server received 10 packet(s):&#xD;
  HI#9df3689c-34fb-4c8f-900c-ae5372323b06#%&#xD;
  ID#AO2#2.11.0#%&#xD;
  askchaa#%&#xD;
  RC#%&#xD;
  RM#%&#xD;
  RD#%&#xD;
  CT#OocTestClient##%&#xD;
  CH#1#%&#xD;
  RM#%&#xD;
  CT#OnlineTest#hello from online lane#%&#xD;
Application failed to exit&#xD;
&#xD;
NUnit Adapter 5.0.0.0: Test execution complete&#xD;
</StdOut>
    </Output>
  </ResultSummary>
</TestRun>