<?xml version="1.0" encoding="utf-8"?>
<TestRun id="37f8c943-584b-452b-b354-8b9df01e309f" name="Usuario@KAM-DESKTOP-PC 2026-04-13 00:21:56" runUser="KAM-DESKTOP-PC\Usuario" xmlns="http://microsoft.com/schemas/VisualStudio/TeamTest/2010">
  <Times creation="2026-04-13T00:21:56.7812361-03:00" queuing="2026-04-13T00:21:56.7812365-03:00" start="2026-04-13T00:21:44.9320948-03:00" finish="2026-04-13T00:22:11.9953394-03:00" />
  <TestSettings name="default" id="bed2b12a-38d9-4acd-a28b-8e17ed798cb2">
    <Deployment runDeploymentRoot="Usuario_KAM-DESKTOP-PC_2026-04-13_00_21_56" />
  </TestSettings>
  <Results>
    <UnitTestResult executionId="86e95f55-48be-4929-9f54-65344e7345e9" testId="a32a259f-d622-61bf-3f2d-e06a09505fa3" testName="OnlineConnect_HandshakePacketSequence_IsAo2Compliant" computerName="KAM-DESKTOP-PC" duration="00:00:11.3699040" startTime="2026-04-13T00:21:45.3757500-03:00" endTime="2026-04-13T00:21:56.7456069-03:00" testType="13cdc9d9-ddb5-4fa4-a97d-d965ccfc6d4b" outcome="Passed" testListId="8c84fa94-04c1-424b-9868-57a2d4851a1d" relativeResultsDirectory="86e95f55-48be-4929-9f54-65344e7345e9">
      <Output>
        <StdOut>[Online] Server received 9 packet(s):&#xD;
  HI#b014e74c-8718-485f-8161-3215a7ed61d9#%&#xD;
  ID#AO2#2.11.0#%&#xD;
  askchaa#%&#xD;
  RC#%&#xD;
  RM#%&#xD;
  RD#%&#xD;
  CT#HandshakeClient##%&#xD;
  CH#1#%&#xD;
  RM#%&#xD;
Application failed to exit</StdOut>
      </Output>
    </UnitTestResult>
    <UnitTestResult executionId="14024a2c-82ab-4cbd-b654-5f28b1ae0384" testId="88fb05f3-9fc2-2da7-4d0c-02bdf89e3dce" testName="OnlineOocSend_MessageArrivesAtServer_AsCtPacket" computerName="KAM-DESKTOP-PC" duration="00:00:15.1980340" startTime="2026-04-13T00:21:56.7465078-03:00" endTime="2026-04-13T00:22:11.9445416-03:00" testType="13cdc9d9-ddb5-4fa4-a97d-d965ccfc6d4b" outcome="Passed" testListId="8c84fa94-04c1-424b-9868-57a2d4851a1d" relativeResultsDirectory="14024a2c-82ab-4cbd-b654-5f28b1ae0384">
      <Output>
        <StdOut>[Online] Server received 10 packet(s):&#xD;
  HI#034c9e84-628a-46d4-bf4a-c4a8eeac5ff8#%&#xD;
  ID#AO2#2.11.0#%&#xD;
  askchaa#%&#xD;
  RC#%&#xD;
  RM#%&#xD;
  RD#%&#xD;
  CT#OocTestClient##%&#xD;
  CH#1#%&#xD;
  RM#%&#xD;
  CT#OnlineTest#hello from online lane#%&#xD;
Application failed to exit</StdOut>
      </Output>
    </UnitTestResult>
  </Results>
  <TestDefinitions>
    <UnitTest name="OnlineConnect_HandshakePacketSequence_IsAo2Compliant" storage="d:\programs\attorney online\rpg\ao2-oceanya-bot\uiautomationtests\bin\debug\net8.0-windows7.0\uiautomationtests.dll" id="a32a259f-d622-61bf-3f2d-e06a09505fa3">
      <Execution id="86e95f55-48be-4929-9f54-65344e7345e9" />
      <TestMethod codeBase="D:\Programs\Attorney Online\RPG\AO2-Oceanya-Bot\UiAutomationTests\bin\Debug\net8.0-windows7.0\UiAutomationTests.dll" adapterTypeName="executor://nunit3testexecutor/" className="UiAutomationTests.OnlineLaneTests" name="OnlineConnect_HandshakePacketSequence_IsAo2Compliant" />
    </UnitTest>
    <UnitTest name="OnlineOocSend_MessageArrivesAtServer_AsCtPacket" storage="d:\programs\attorney online\rpg\ao2-oceanya-bot\uiautomationtests\bin\debug\net8.0-windows7.0\uiautomationtests.dll" id="88fb05f3-9fc2-2da7-4d0c-02bdf89e3dce">
      <Execution id="14024a2c-82ab-4cbd-b654-5f28b1ae0384" />
      <TestMethod codeBase="D:\Programs\Attorney Online\RPG\AO2-Oceanya-Bot\UiAutomationTests\bin\Debug\net8.0-windows7.0\UiAutomationTests.dll" adapterTypeName="executor://nunit3testexecutor/" className="UiAutomationTests.OnlineLaneTests" name="OnlineOocSend_MessageArrivesAtServer_AsCtPacket" />
    </UnitTest>
  </TestDefinitions>
  <TestEntries>
    <TestEntry testId="a32a259f-d622-61bf-3f2d-e06a09505fa3" executionId="86e95f55-48be-4929-9f54-65344e7345e9" testListId="8c84fa94-04c1-424b-9868-57a2d4851a1d" />
    <TestEntry testId="88fb05f3-9fc2-2da7-4d0c-02bdf89e3dce" executionId="14024a2c-82ab-4cbd-b654-5f28b1ae0384" testListId="8c84fa94-04c1-424b-9868-57a2d4851a1d" />
  </TestEntries>
  <TestLists>
    <TestList name="Results Not in a List" id="8c84fa94-04c1-424b-9868-57a2d4851a1d" />
    <TestList name="All Loaded Results" id="19431567-8539-422a-85d7-44ee4e166bda" />
  </TestLists>
  <ResultSummary outcome="Completed">
    <Counters total="2" executed="2" passed="2" failed="0" error="0" timeout="0" aborted="0" inconclusive="0" passedButRunAborted="0" notRunnable="0" notExecuted="0" disconnected="0" warning="0" completed="0" inProgress="0" pending="0" />
    <Output>
      <StdOut>NUnit Adapter 5.0.0.0: Test execution started&#xD;
Running selected tests in D:\Programs\Attorney Online\RPG\AO2-Oceanya-Bot\UiAutomationTests\bin\Debug\net8.0-windows7.0\UiAutomationTests.dll&#xD;
   NUnit3TestExecutor discovered 2 of 2 NUnit test cases using Current Discovery mode, Non-Explicit run&#xD;
[2026-04-13 00:21:46] ?? Loaded 1 characters from cache.&#xD;
[2026-04-13 00:21:49] ?? ===========================&#xD;
[2026-04-13 00:21:49] ?? Connected to AO server via TCP.&#xD;
[2026-04-13 00:21:49] ?? ===========================&#xD;
[2026-04-13 00:21:49] ?? Assigned Player ID: 1 | Server Version: tsuserver&#xD;
[2026-04-13 00:21:49] ?? Server features: fastloading, noencryption [AOClient.cs:504]&#xD;
[2026-04-13 00:21:49] ?? Server Character List updated.&#xD;
[2026-04-13 00:21:49] ?? Handshake completed successfully!&#xD;
[2026-04-13 00:21:49] ?? ===========================&#xD;
[2026-04-13 00:21:50] ?? Server did not provide CharsCheck during connect. Skipping automatic INI selection. [AOClient.cs:1501]&#xD;
[2026-04-13 00:21:50] ?? No available INI Puppets to select. [AOClient.cs:1504]&#xD;
[2026-04-13 00:21:50] ?? ===========================&#xD;
[2026-04-13 00:21:51] ?? TCP connection lost. Attempting to reconnect... [AOClient.cs:1620]&#xD;
[2026-04-13 00:21:51] ?? ===========================&#xD;
[2026-04-13 00:21:53] ? Connection Error [AOClient.cs:666]&#xD;
[2026-04-13 00:21:53]    Exception: SocketException&#xD;
[2026-04-13 00:21:53]    Message: No connection could be made because the target machine actively refused it.&#xD;
[2026-04-13 00:21:53]    Location: unknown:0&#xD;
[2026-04-13 00:21:53]    Stack: at System.Net.Sockets.Socket.AwaitableSocketAsyncEventArgs.ThrowException(SocketError error, CancellationToken cancellationToken)&#xD;
[2026-04-13 00:21:53] ? Reconnection attempt 1 failed [AOClient.cs:1389]&#xD;
[2026-04-13 00:21:53]    Exception: SocketException&#xD;
[2026-04-13 00:21:53]    Message: No connection could be made because the target machine actively refused it.&#xD;
[2026-04-13 00:21:53]    Location: unknown:0&#xD;
[2026-04-13 00:21:53]    Stack: at System.Net.Sockets.Socket.AwaitableSocketAsyncEventArgs.ThrowException(SocketError error, CancellationToken cancellationToken)&#xD;
[Online] Server received 9 packet(s):&#xD;
  HI#b014e74c-8718-485f-8161-3215a7ed61d9#%&#xD;
  ID#AO2#2.11.0#%&#xD;
  askchaa#%&#xD;
  RC#%&#xD;
  RM#%&#xD;
  RD#%&#xD;
  CT#HandshakeClient##%&#xD;
  CH#1#%&#xD;
  RM#%&#xD;
Application failed to exit&#xD;
&#xD;
[2026-04-13 00:21:57] ?? Loaded 1 characters from cache.&#xD;
[2026-04-13 00:21:59] ?? ===========================&#xD;
[2026-04-13 00:21:59] ?? Connected to AO server via TCP.&#xD;
[2026-04-13 00:21:59] ?? ===========================&#xD;
[2026-04-13 00:21:59] ?? Assigned Player ID: 1 | Server Version: tsuserver&#xD;
[2026-04-13 00:21:59] ?? Server features: fastloading, noencryption [AOClient.cs:504]&#xD;
[2026-04-13 00:21:59] ?? Server Character List updated.&#xD;
[2026-04-13 00:21:59] ?? Handshake completed successfully!&#xD;
[2026-04-13 00:21:59] ?? ===========================&#xD;
[2026-04-13 00:22:00] ?? Server did not provide CharsCheck during connect. Skipping automatic INI selection. [AOClient.cs:1501]&#xD;
[2026-04-13 00:22:00] ?? No available INI Puppets to select. [AOClient.cs:1504]&#xD;
[2026-04-13 00:22:00] ?? ===========================&#xD;
[2026-04-13 00:22:06] ?? TCP connection lost. Attempting to reconnect... [AOClient.cs:1620]&#xD;
[2026-04-13 00:22:06] ?? ===========================&#xD;
[2026-04-13 00:22:08] ? Connection Error [AOClient.cs:666]&#xD;
[2026-04-13 00:22:08]    Exception: SocketException&#xD;
[2026-04-13 00:22:08]    Message: No connection could be made because the target machine actively refused it.&#xD;
[2026-04-13 00:22:08]    Location: unknown:0&#xD;
[2026-04-13 00:22:08]    Stack: at System.Net.Sockets.Socket.AwaitableSocketAsyncEventArgs.ThrowException(SocketError error, CancellationToken cancellationToken)&#xD;
[2026-04-13 00:22:08] ? Reconnection attempt 1 failed [AOClient.cs:1389]&#xD;
[2026-04-13 00:22:08]    Exception: SocketException&#xD;
[2026-04-13 00:22:08]    Message: No connection could be made because the target machine actively refused it.&#xD;
[2026-04-13 00:22:08]    Location: unknown:0&#xD;
[2026-04-13 00:22:08]    Stack: at System.Net.Sockets.Socket.AwaitableSocketAsyncEventArgs.ThrowException(SocketError error, CancellationToken cancellationToken)&#xD;
[Online] Server received 10 packet(s):&#xD;
  HI#034c9e84-628a-46d4-bf4a-c4a8eeac5ff8#%&#xD;
  ID#AO2#2.11.0#%&#xD;
  askchaa#%&#xD;
  RC#%&#xD;
  RM#%&#xD;
  RD#%&#xD;
  CT#OocTestClient##%&#xD;
  CH#1#%&#xD;
  RM#%&#xD;
  CT#OnlineTest#hello from online lane#%&#xD;
Application failed to exit&#xD;
&#xD;
NUnit Adapter 5.0.0.0: Test execution complete&#xD;
</StdOut>
    </Output>
  </ResultSummary>
</TestRun>