<?xml version="1.0" encoding="utf-8"?>
<TestRun id="5b84fdb4-4e5b-4237-afcb-90075e1f558a" name="Usuario@KAM-DESKTOP-PC 2026-04-13 00:49:54" runUser="KAM-DESKTOP-PC\Usuario" xmlns="http://microsoft.com/schemas/VisualStudio/TeamTest/2010">
  <Times creation="2026-04-13T00:49:54.0235235-03:00" queuing="2026-04-13T00:49:54.0235238-03:00" start="2026-04-13T00:49:47.0023894-03:00" finish="2026-04-13T00:50:05.5449421-03:00" />
  <TestSettings name="default" id="602e72f9-7afe-47cb-858f-3d9c96024adb">
    <Deployment runDeploymentRoot="Usuario_KAM-DESKTOP-PC_2026-04-13_00_49_54" />
  </TestSettings>
  <Results>
    <UnitTestResult executionId="084fac22-56dc-4da0-afc9-7c13380a3c08" testId="a32a259f-d622-61bf-3f2d-e06a09505fa3" testName="OnlineConnect_HandshakePacketSequence_IsAo2Compliant" computerName="KAM-DESKTOP-PC" duration="00:00:06.5387140" startTime="2026-04-13T00:49:47.4489805-03:00" endTime="2026-04-13T00:49:53.9876496-03:00" testType="13cdc9d9-ddb5-4fa4-a97d-d965ccfc6d4b" outcome="Passed" testListId="8c84fa94-04c1-424b-9868-57a2d4851a1d" relativeResultsDirectory="084fac22-56dc-4da0-afc9-7c13380a3c08">
      <Output>
        <StdOut>[Online] Server received 9 packet(s):&#xD;
  HI#8949c3c3-f21b-4759-94e2-7147ca0435a0#%&#xD;
  ID#AO2#2.11.0#%&#xD;
  askchaa#%&#xD;
  RC#%&#xD;
  RM#%&#xD;
  RD#%&#xD;
  CT#HandshakeClient##%&#xD;
  CH#1#%&#xD;
  RM#%</StdOut>
      </Output>
    </UnitTestResult>
    <UnitTestResult executionId="54d600bc-e43e-45d2-b963-4e6ad44cf74e" testId="88fb05f3-9fc2-2da7-4d0c-02bdf89e3dce" testName="OnlineOocSend_MessageArrivesAtServer_AsCtPacket" computerName="KAM-DESKTOP-PC" duration="00:00:11.5024570" startTime="2026-04-13T00:49:53.9885747-03:00" endTime="2026-04-13T00:50:05.4910317-03:00" testType="13cdc9d9-ddb5-4fa4-a97d-d965ccfc6d4b" outcome="Passed" testListId="8c84fa94-04c1-424b-9868-57a2d4851a1d" relativeResultsDirectory="54d600bc-e43e-45d2-b963-4e6ad44cf74e">
      <Output>
        <StdOut>[Online] Server received 10 packet(s):&#xD;
  HI#23639fe8-d289-4909-bb39-8439acbbb890#%&#xD;
  ID#AO2#2.11.0#%&#xD;
  askchaa#%&#xD;
  RC#%&#xD;
  RM#%&#xD;
  RD#%&#xD;
  CT#OocTestClient##%&#xD;
  CH#1#%&#xD;
  RM#%&#xD;
  CT#OnlineTest#hello from online lane#%</StdOut>
      </Output>
    </UnitTestResult>
  </Results>
  <TestDefinitions>
    <UnitTest name="OnlineConnect_HandshakePacketSequence_IsAo2Compliant" storage="d:\programs\attorney online\rpg\ao2-oceanya-bot\uiautomationtests\bin\debug\net8.0-windows7.0\uiautomationtests.dll" id="a32a259f-d622-61bf-3f2d-e06a09505fa3">
      <Execution id="084fac22-56dc-4da0-afc9-7c13380a3c08" />
      <TestMethod codeBase="D:\Programs\Attorney Online\RPG\AO2-Oceanya-Bot\UiAutomationTests\bin\Debug\net8.0-windows7.0\UiAutomationTests.dll" adapterTypeName="executor://nunit3testexecutor/" className="UiAutomationTests.OnlineLaneTests" name="OnlineConnect_HandshakePacketSequence_IsAo2Compliant" />
    </UnitTest>
    <UnitTest name="OnlineOocSend_MessageArrivesAtServer_AsCtPacket" storage="d:\programs\attorney online\rpg\ao2-oceanya-bot\uiautomationtests\bin\debug\net8.0-windows7.0\uiautomationtests.dll" id="88fb05f3-9fc2-2da7-4d0c-02bdf89e3dce">
      <Execution id="54d600bc-e43e-45d2-b963-4e6ad44cf74e" />
      <TestMethod codeBase="D:\Programs\Attorney Online\RPG\AO2-Oceanya-Bot\UiAutomationTests\bin\Debug\net8.0-windows7.0\UiAutomationTests.dll" adapterTypeName="executor://nunit3testexecutor/" className="UiAutomationTests.OnlineLaneTests" name="OnlineOocSend_MessageArrivesAtServer_AsCtPacket" />
    </UnitTest>
  </TestDefinitions>
  <TestEntries>
    <TestEntry testId="a32a259f-d622-61bf-3f2d-e06a09505fa3" executionId="084fac22-56dc-4da0-afc9-7c13380a3c08" testListId="8c84fa94-04c1-424b-9868-57a2d4851a1d" />
    <TestEntry testId="88fb05f3-9fc2-2da7-4d0c-02bdf89e3dce" executionId="54d600bc-e43e-45d2-b963-4e6ad44cf74e" testListId="8c84fa94-04c1-424b-9868-57a2d4851a1d" />
  </TestEntries>
  <TestLists>
    <TestList name="Results Not in a List" id="8c84fa94-04c1-424b-9868-57a2d4851a1d" />
    <TestList name="All Loaded Results" id="19431567-8539-422a-85d7-44ee4e166bda" />
  </TestLists>
  <ResultSummary outcome="Completed">
    <Counters total="2" executed="2" passed="2" failed="0" error="0" timeout="0" aborted="0" inconclusive="0" passedButRunAborted="0" notRunnable="0" notExecuted="0" disconnected="0" warning="0" completed="0" inProgress="0" pending="0" />
    <Output>
      <StdOut>NUnit Adapter 5.0.0.0: Test execution started&#xD;
Running selected tests in D:\Programs\Attorney Online\RPG\AO2-Oceanya-Bot\UiAutomationTests\bin\Debug\net8.0-windows7.0\UiAutomationTests.dll&#xD;
   NUnit3TestExecutor discovered 2 of 2 NUnit test cases using Current Discovery mode, Non-Explicit run&#xD;
[2026-04-13 00:49:48] ?? Loaded 1 characters from cache.&#xD;
[2026-04-13 00:49:51] ?? ===========================&#xD;
[2026-04-13 00:49:51] ?? Connected to AO server via TCP.&#xD;
[2026-04-13 00:49:51] ?? ===========================&#xD;
[2026-04-13 00:49:51] ?? Assigned Player ID: 1 | Server Version: tsuserver&#xD;
[2026-04-13 00:49:51] ?? Server features: fastloading, noencryption [AOClient.cs:504]&#xD;
[2026-04-13 00:49:51] ?? Server Character List updated.&#xD;
[2026-04-13 00:49:51] ?? Handshake completed successfully!&#xD;
[2026-04-13 00:49:51] ?? ===========================&#xD;
[2026-04-13 00:49:52] ?? Server did not provide CharsCheck during connect. Skipping automatic INI selection. [AOClient.cs:1501]&#xD;
[2026-04-13 00:49:52] ?? No available INI Puppets to select. [AOClient.cs:1504]&#xD;
[2026-04-13 00:49:52] ?? ===========================&#xD;
[2026-04-13 00:49:53] ?? TCP connection lost. Attempting to reconnect... [AOClient.cs:1620]&#xD;
[2026-04-13 00:49:53] ?? ===========================&#xD;
[Online] Server received 9 packet(s):&#xD;
  HI#8949c3c3-f21b-4759-94e2-7147ca0435a0#%&#xD;
  ID#AO2#2.11.0#%&#xD;
  askchaa#%&#xD;
  RC#%&#xD;
  RM#%&#xD;
  RD#%&#xD;
  CT#HandshakeClient##%&#xD;
  CH#1#%&#xD;
  RM#%&#xD;
&#xD;
[2026-04-13 00:49:54] ?? Loaded 1 characters from cache.&#xD;
[2026-04-13 00:49:57] ?? ===========================&#xD;
[2026-04-13 00:49:57] ?? Connected to AO server via TCP.&#xD;
[2026-04-13 00:49:57] ?? ===========================&#xD;
[2026-04-13 00:49:57] ?? Assigned Player ID: 1 | Server Version: tsuserver&#xD;
[2026-04-13 00:49:58] ?? Server features: fastloading, noencryption [AOClient.cs:504]&#xD;
[2026-04-13 00:49:58] ?? Server Character List updated.&#xD;
[2026-04-13 00:49:58] ?? Handshake completed successfully!&#xD;
[2026-04-13 00:49:58] ?? ===========================&#xD;
[2026-04-13 00:49:59] ?? Server did not provide CharsCheck during connect. Skipping automatic INI selection. [AOClient.cs:1501]&#xD;
[2026-04-13 00:49:59] ?? No available INI Puppets to select. [AOClient.cs:1504]&#xD;
[2026-04-13 00:49:59] ?? ===========================&#xD;
[Online] Server received 10 packet(s):&#xD;
  HI#23639fe8-d289-4909-bb39-8439acbbb890#%&#xD;
  ID#AO2#2.11.0#%&#xD;
  askchaa#%&#xD;
  RC#%&#xD;
  RM#%&#xD;
  RD#%&#xD;
  CT#OocTestClient##%&#xD;
  CH#1#%&#xD;
  RM#%&#xD;
  CT#OnlineTest#hello from online lane#%&#xD;
&#xD;
NUnit Adapter 5.0.0.0: Test execution complete&#xD;
</StdOut>
    </Output>
  </ResultSummary>
</TestRun>