<?xml version="1.0" encoding="utf-8"?>
<TestRun id="d6065888-a955-4847-9c0f-48ff54ec9841" name="Usuario@KAM-DESKTOP-PC 2026-04-13 00:15:01" runUser="KAM-DESKTOP-PC\Usuario" xmlns="http://microsoft.com/schemas/VisualStudio/TeamTest/2010">
  <Times creation="2026-04-13T00:15:01.1155909-03:00" queuing="2026-04-13T00:15:01.1155913-03:00" start="2026-04-13T00:14:49.2554328-03:00" finish="2026-04-13T00:15:17.6316168-03:00" />
  <TestSettings name="default" id="d7569c39-6042-460d-9f79-0beff27ed985">
    <Deployment runDeploymentRoot="Usuario_KAM-DESKTOP-PC_2026-04-13_00_15_01" />
  </TestSettings>
  <Results>
    <UnitTestResult executionId="8a72f6fe-72ce-4924-b5a4-5d04ba2f9dfe" testId="a32a259f-d622-61bf-3f2d-e06a09505fa3" testName="OnlineConnect_HandshakePacketSequence_IsAo2Compliant" computerName="KAM-DESKTOP-PC" duration="00:00:11.3824210" startTime="2026-04-13T00:14:49.6975520-03:00" endTime="2026-04-13T00:15:01.0799192-03:00" testType="13cdc9d9-ddb5-4fa4-a97d-d965ccfc6d4b" outcome="Passed" testListId="8c84fa94-04c1-424b-9868-57a2d4851a1d" relativeResultsDirectory="8a72f6fe-72ce-4924-b5a4-5d04ba2f9dfe">
      <Output>
        <StdOut>[Online] Server received 9 packet(s):&#xD;
  HI#a3c9aba9-f53a-472d-9740-dfe0d873308a#%&#xD;
  ID#AO2#2.11.0#%&#xD;
  askchaa#%&#xD;
  RC#%&#xD;
  RM#%&#xD;
  RD#%&#xD;
  CT#HandshakeClient##%&#xD;
  CH#1#%&#xD;
  RM#%&#xD;
Application failed to exit</StdOut>
      </Output>
    </UnitTestResult>
    <UnitTestResult executionId="b15e20a2-26d7-41b8-b17e-1e3f7e81a929" testId="88fb05f3-9fc2-2da7-4d0c-02bdf89e3dce" testName="OnlineOocSend_MessageArrivesAtServer_AsCtPacket" computerName="KAM-DESKTOP-PC" duration="00:00:16.5005870" startTime="2026-04-13T00:15:01.0808147-03:00" endTime="2026-04-13T00:15:17.5814008-03:00" testType="13cdc9d9-ddb5-4fa4-a97d-d965ccfc6d4b" outcome="Passed" testListId="8c84fa94-04c1-424b-9868-57a2d4851a1d" relativeResultsDirectory="b15e20a2-26d7-41b8-b17e-1e3f7e81a929">
      <Output>
        <StdOut>[Online] Server received 10 packet(s):&#xD;
  HI#04784df3-75e8-41a5-9bab-1f5bde11f6e8#%&#xD;
  ID#AO2#2.11.0#%&#xD;
  askchaa#%&#xD;
  RC#%&#xD;
  RM#%&#xD;
  RD#%&#xD;
  CT#OocTestClient##%&#xD;
  CH#1#%&#xD;
  RM#%&#xD;
  CT#OnlineTest#hello from online lane#%&#xD;
Application failed to exit</StdOut>
      </Output>
    </UnitTestResult>
  </Results>
  <TestDefinitions>
    <UnitTest name="OnlineConnect_HandshakePacketSequence_IsAo2Compliant" storage="d:\programs\attorney online\rpg\ao2-oceanya-bot\uiautomationtests\bin\debug\net8.0-windows7.0\uiautomationtests.dll" id="a32a259f-d622-61bf-3f2d-e06a09505fa3">
      <Execution id="8a72f6fe-72ce-4924-b5a4-5d04ba2f9dfe" />
      <TestMethod codeBase="D:\Programs\Attorney Online\RPG\AO2-Oceanya-Bot\UiAutomationTests\bin\Debug\net8.0-windows7.0\UiAutomationTests.dll" adapterTypeName="executor://nunit3testexecutor/" className="UiAutomationTests.OnlineLaneTests" name="OnlineConnect_HandshakePacketSequence_IsAo2Compliant" />
    </UnitTest>
    <UnitTest name="OnlineOocSend_MessageArrivesAtServer_AsCtPacket" storage="d:\programs\attorney online\rpg\ao2-oceanya-bot\uiautomationtests\bin\debug\net8.0-windows7.0\uiautomationtests.dll" id="88fb05f3-9fc2-2da7-4d0c-02bdf89e3dce">
      <Execution id="b15e20a2-26d7-41b8-b17e-1e3f7e81a929" />
      <TestMethod codeBase="D:\Programs\Attorney Online\RPG\AO2-Oceanya-Bot\UiAutomationTests\bin\Debug\net8.0-windows7.0\UiAutomationTests.dll" adapterTypeName="executor://nunit3testexecutor/" className="UiAutomationTests.OnlineLaneTests" name="OnlineOocSend_MessageArrivesAtServer_AsCtPacket" />
    </UnitTest>
  </TestDefinitions>
  <TestEntries>
    <TestEntry testId="a32a259f-d622-61bf-3f2d-e06a09505fa3" executionId="8a72f6fe-72ce-4924-b5a4-5d04ba2f9dfe" testListId="8c84fa94-04c1-424b-9868-57a2d4851a1d" />
    <TestEntry testId="88fb05f3-9fc2-2da7-4d0c-02bdf89e3dce" executionId="b15e20a2-26d7-41b8-b17e-1e3f7e81a929" testListId="8c84fa94-04c1-424b-9868-57a2d4851a1d" />
  </TestEntries>
  <TestLists>
    <TestList name="Results Not in a List" id="8c84fa94-04c1-424b-9868-57a2d4851a1d" />
    <TestList name="All Loaded Results" id="19431567-8539-422a-85d7-44ee4e166bda" />
  </TestLists>
  <ResultSummary outcome="Completed">
    <Counters total="2" executed="2" passed="2" failed="0" error="0" timeout="0" aborted="0" inconclusive="0" passedButRunAborted="0" notRunnable="0" notExecuted="0" disconnected="0" warning="0" completed="0" inProgress="0" pending="0" />
    <Output>
      <StdOut>NUnit Adapter 5.0.0.0: Test execution started&#xD;
Running selected tests in D:\Programs\Attorney Online\RPG\AO2-Oceanya-Bot\UiAutomationTests\bin\Debug\net8.0-windows7.0\UiAutomationTests.dll&#xD;
   NUnit3TestExecutor discovered 2 of 2 NUnit test cases using Current Discovery mode, Non-Explicit run&#xD;
[2026-04-13 00:14:50] ?? Loaded 1 characters from cache.&#xD;
[2026-04-13 00:14:53] ?? ===========================&#xD;
[2026-04-13 00:14:53] ?? Connected to AO server via TCP.&#xD;
[2026-04-13 00:14:53] ?? ===========================&#xD;
[2026-04-13 00:14:53] ?? Assigned Player ID: 1 | Server Version: tsuserver&#xD;
[2026-04-13 00:14:53] ?? Server features: fastloading, noencryption [AOClient.cs:504]&#xD;
[2026-04-13 00:14:53] ?? Server Character List updated.&#xD;
[2026-04-13 00:14:53] ?? Handshake completed successfully!&#xD;
[2026-04-13 00:14:53] ?? ===========================&#xD;
[2026-04-13 00:14:54] ?? Server did not provide CharsCheck during connect. Skipping automatic INI selection. [AOClient.cs:1501]&#xD;
[2026-04-13 00:14:54] ?? No available INI Puppets to select. [AOClient.cs:1504]&#xD;
[2026-04-13 00:14:54] ?? ===========================&#xD;
[2026-04-13 00:14:56] ?? TCP connection lost. Attempting to reconnect... [AOClient.cs:1620]&#xD;
[2026-04-13 00:14:56] ?? ===========================&#xD;
[2026-04-13 00:14:58] ? Connection Error [AOClient.cs:666]&#xD;
[2026-04-13 00:14:58]    Exception: SocketException&#xD;
[2026-04-13 00:14:58]    Message: No connection could be made because the target machine actively refused it.&#xD;
[2026-04-13 00:14:58]    Location: unknown:0&#xD;
[2026-04-13 00:14:58]    Stack: at System.Net.Sockets.Socket.AwaitableSocketAsyncEventArgs.ThrowException(SocketError error, CancellationToken cancellationToken)&#xD;
[2026-04-13 00:14:58] ? Reconnection attempt 1 failed [AOClient.cs:1389]&#xD;
[2026-04-13 00:14:58]    Exception: SocketException&#xD;
[2026-04-13 00:14:58]    Message: No connection could be made because the target machine actively refused it.&#xD;
[2026-04-13 00:14:58]    Location: unknown:0&#xD;
[2026-04-13 00:14:58]    Stack: at System.Net.Sockets.Socket.AwaitableSocketAsyncEventArgs.ThrowException(SocketError error, CancellationToken cancellationToken)&#xD;
[Online] Server received 9 packet(s):&#xD;
  HI#a3c9aba9-f53a-472d-9740-dfe0d873308a#%&#xD;
  ID#AO2#2.11.0#%&#xD;
  askchaa#%&#xD;
  RC#%&#xD;
  RM#%&#xD;
  RD#%&#xD;
  CT#HandshakeClient##%&#xD;
  CH#1#%&#xD;
  RM#%&#xD;
Application failed to exit&#xD;
&#xD;
[2026-04-13 00:15:02] ?? Loaded 1 characters from cache.&#xD;
[2026-04-13 00:15:05] ?? ===========================&#xD;
[2026-04-13 00:15:05] ?? Connected to AO server via TCP.&#xD;
[2026-04-13 00:15:05] ?? ===========================&#xD;
[2026-04-13 00:15:05] ?? Assigned Player ID: 1 | Server Version: tsuserver&#xD;
[2026-04-13 00:15:05] ?? Server features: fastloading, noencryption [AOClient.cs:504]&#xD;
[2026-04-13 00:15:05] ?? Server Character List updated.&#xD;
[2026-04-13 00:15:05] ?? Handshake completed successfully!&#xD;
[2026-04-13 00:15:05] ?? ===========================&#xD;
[2026-04-13 00:15:06] ?? Server did not provide CharsCheck during connect. Skipping automatic INI selection. [AOClient.cs:1501]&#xD;
[2026-04-13 00:15:06] ?? No available INI Puppets to select. [AOClient.cs:1504]&#xD;
[2026-04-13 00:15:06] ?? ===========================&#xD;
[2026-04-13 00:15:12] ?? TCP connection lost. Attempting to reconnect... [AOClient.cs:1620]&#xD;
[2026-04-13 00:15:12] ?? ===========================&#xD;
[2026-04-13 00:15:14] ? Connection Error [AOClient.cs:666]&#xD;
[2026-04-13 00:15:14]    Exception: SocketException&#xD;
[2026-04-13 00:15:14]    Message: No connection could be made because the target machine actively refused it.&#xD;
[2026-04-13 00:15:14]    Location: unknown:0&#xD;
[2026-04-13 00:15:14]    Stack: at System.Net.Sockets.Socket.AwaitableSocketAsyncEventArgs.ThrowException(SocketError error, CancellationToken cancellationToken)&#xD;
[2026-04-13 00:15:14] ? Reconnection attempt 1 failed [AOClient.cs:1389]&#xD;
[2026-04-13 00:15:14]    Exception: SocketException&#xD;
[2026-04-13 00:15:14]    Message: No connection could be made because the target machine actively refused it.&#xD;
[2026-04-13 00:15:14]    Location: unknown:0&#xD;
[2026-04-13 00:15:14]    Stack: at System.Net.Sockets.Socket.AwaitableSocketAsyncEventArgs.ThrowException(SocketError error, CancellationToken cancellationToken)&#xD;
[Online] Server received 10 packet(s):&#xD;
  HI#04784df3-75e8-41a5-9bab-1f5bde11f6e8#%&#xD;
  ID#AO2#2.11.0#%&#xD;
  askchaa#%&#xD;
  RC#%&#xD;
  RM#%&#xD;
  RD#%&#xD;
  CT#OocTestClient##%&#xD;
  CH#1#%&#xD;
  RM#%&#xD;
  CT#OnlineTest#hello from online lane#%&#xD;
Application failed to exit&#xD;
&#xD;
NUnit Adapter 5.0.0.0: Test execution complete&#xD;
</StdOut>
    </Output>
  </ResultSummary>
</TestRun>